Running poisson with grid size 500
==ERROR== File n500_i10_job_teams_N_sq.ncu-rep already exists. Use '-f' for overwriting the file.

------------------------------------------------------------
Sender: LSF System <lsfadmin@hpc.dtu.dk>
Subject: Job 23843440: <ncu_prof> in cluster <dcc> Exited

Job <ncu_prof> was submitted from host <n-62-12-81> by user <s240067> in cluster <dcc> at Thu Jan 23 13:45:39 2025
Job was executed on host(s) <32*n-62-12-88>, in queue <hpcintrogpu>, as user <s240067> in cluster <dcc> at Thu Jan 23 13:56:38 2025
</zhome/d0/0/208745> was used as the home directory.
</zhome/d0/0/208745/HPC_Workspace/week_3/HPC-week3-group11/02614_Assignment3_poisson> was used as the working directory.
Started at Thu Jan 23 13:56:38 2025
Terminated at Thu Jan 23 13:56:39 2025
Results reported at Thu Jan 23 13:56:39 2025

Your job looked like:

------------------------------------------------------------
# LSBATCH: User input
#!/bin/bash
# 02614 - High-Performance Computing, January 2024
# 
# batch script to run matmult on a dedicated GPU server in the hpcintrogpu
# queue
#
# Author: Bernd Dammann <bd@cc.dtu.dk>
#         Hans Henrik Brandenborg Sørensen <hhbs@dtu.dk>
#
#BSUB -J ncu_prof
#BSUB -o ncu_prof_%J.out
#BSUB -q hpcintrogpu
#BSUB -n 32
#BSUB -R "rusage[mem=2048]"
#BSUB -W 15
#BSUB -R "span[hosts=1]"
#BSUB -gpu "num=2:mode=exclusive_process"

# define the name of this job, e.g. static / dynamic / whatever that describes it
NAME=""

# define the grid sizes
SIZES="500"

# define the thread nums
THREADS="10"

# define properties
ITERATIONS=10
TOLERANCE=0.0
START_T=0.0

CC=${1-"gcc"}
LOGEXT=dat

# set tmp dir for profiler lock
#
export TMPDIR=$__LSF_JOB_TMPDIR__

# load module for shared cuda libraries
module load nvhpc/24.11

# start the collect command with the above settings
for S in $SIZES
do
    echo "Running poisson with grid size $S"
    export OMP_NUM_THREADS=$THREADS
    export CUDA_VISIBLE_DEVICES=0,1
    export OMP_SCHEDULE="static"
    #nsys profile -o n${S}_i${ITERATIONS}_job_teams_N_sq ./poisson $S $ITERATIONS $TOLERANCE $START_T

(... more ...)
------------------------------------------------------------

Exited with exit code 1.

Resource usage summary:

    CPU time :                                   1.12 sec.
    Max Memory :                                 -
    Average Memory :                             -
    Total Requested Memory :                     65536.00 MB
    Delta Memory :                               -
    Max Swap :                                   -
    Max Processes :                              -
    Max Threads :                                -
    Run time :                                   3 sec.
    Turnaround time :                            660 sec.

The output (if any) is above this job summary.

